2026-08-22T15:04:08.1832770Z Current runner version: '2.336.0'
2026-08-22T15:04:08.1858373Z ##[group]Runner Image Provisioner
2026-08-22T15:04:08.1859369Z Hosted Compute Agent
2026-08-22T15:04:08.1860096Z Version: 20260729.566
2026-08-22T15:04:08.1860764Z Commit: cf7153fe6e25b664e8693c24944bf2b00355d109
2026-08-22T15:04:08.1861854Z Build Date: 2026-07-29T19:17:02Z
2026-08-22T15:04:08.1862729Z Worker ID: {62ac4b6e-e3b8-4218-8d4e-1da9737dacfc}
2026-08-22T15:04:08.1863577Z Azure Region: northcentralus
2026-08-22T15:04:08.1864270Z ##[endgroup]
2026-08-22T15:04:08.1866223Z ##[group]Operating System
2026-08-22T15:04:08.1866879Z Ubuntu
2026-08-22T15:04:08.1867592Z 24.04.4
2026-08-22T15:04:08.1868203Z LTS
2026-08-22T15:04:08.1868810Z ##[endgroup]
2026-08-22T15:04:08.1869386Z ##[group]Runner Image
2026-08-22T15:04:08.1870110Z Image: ubuntu-24.04
2026-08-22T15:04:08.1870766Z Version: 20260816.277.1
2026-08-22T15:04:08.1872623Z Included Software: https://github.com/actions/runner-images/blob/ubuntu24/20260816.277/images/ubuntu/Ubuntu2404-Readme.md
2026-08-22T15:04:08.1874239Z Image Release: https://github.com/actions/runner-images/releases/tag/ubuntu24%2F20260816.277
2026-08-22T15:04:08.1875266Z ##[endgroup]
2026-08-22T15:04:08.1876476Z ##[group]GITHUB_TOKEN Permissions
2026-08-22T15:04:08.1878765Z Contents: write
2026-08-22T15:04:08.1879368Z Metadata: read
2026-08-22T15:04:08.1880669Z ##[endgroup]
2026-08-22T15:04:08.1883477Z Secret source: Actions
2026-08-22T15:04:08.1885004Z Prepare workflow directory
2026-08-22T15:04:08.2249987Z Prepare all required actions
2026-08-22T15:04:08.2299945Z Getting action download info
2026-08-22T15:04:08.4569398Z Download action repository 'actions/checkout@v4' (SHA:11d5960a326750d5838078e36cf38b85af677262)
2026-08-22T15:04:08.5897012Z Download action repository 'actions/setup-python@v5' (SHA:a26af69be951a213d495a4c3e4e4022e16d87065)
2026-08-22T15:04:08.7800910Z Complete job name: bot
2026-08-22T15:04:08.8590615Z Node 20 is being deprecated. This workflow is running with Node 24 by default. If you need to temporarily use Node 20, you can set the ACTIONS_ALLOW_USE_UNSECURE_NODE_VERSION=true environment variable. For more information see: https://github.blog/changelog/2025-09-19-deprecation-of-node-20-on-github-actions-runners/
2026-08-22T15:04:08.8600546Z ##[group]Run actions/checkout@v4
2026-08-22T15:04:08.8601322Z with:
2026-08-22T15:04:08.8602109Z   repository: Wowjet/polysign
2026-08-22T15:04:08.8605936Z   token: ***
2026-08-22T15:04:08.8606386Z   ssh-strict: true
2026-08-22T15:04:08.8606842Z   ssh-user: git
2026-08-22T15:04:08.8607314Z   persist-credentials: true
2026-08-22T15:04:08.8607812Z   clean: true
2026-08-22T15:04:08.8608274Z   sparse-checkout-cone-mode: true
2026-08-22T15:04:08.8608824Z   fetch-depth: 1
2026-08-22T15:04:08.8609272Z   fetch-tags: false
2026-08-22T15:04:08.8609727Z   show-progress: true
2026-08-22T15:04:08.8610189Z   lfs: false
2026-08-22T15:04:08.8610676Z   submodules: false
2026-08-22T15:04:08.8611148Z   set-safe-directory: true
2026-08-22T15:04:08.8611869Z   allow-unsafe-pr-checkout: false
2026-08-22T15:04:08.8612725Z ##[endgroup]
2026-08-22T15:04:08.9719092Z Syncing repository: Wowjet/polysign
2026-08-22T15:04:08.9721287Z ##[group]Getting Git version info
2026-08-22T15:04:08.9722841Z Working directory is '/home/runner/work/polysign/polysign'
2026-08-22T15:04:08.9724567Z [command]/usr/bin/git version
2026-08-22T15:04:08.9839770Z git version 2.55.0
2026-08-22T15:04:08.9868221Z ##[endgroup]
2026-08-22T15:04:08.9894951Z Temporarily overriding HOME='/home/runner/work/_temp/a6274b32-2eed-4675-afed-206c0fc03c8c' before making global git config changes
2026-08-22T15:04:08.9897300Z Adding repository directory to the temporary git global config as a safe directory
2026-08-22T15:04:08.9900146Z [command]/usr/bin/git config --global --add safe.directory /home/runner/work/polysign/polysign
2026-08-22T15:04:08.9965027Z Deleting the contents of '/home/runner/work/polysign/polysign'
2026-08-22T15:04:08.9969942Z ##[group]Initializing the repository
2026-08-22T15:04:08.9976797Z [command]/usr/bin/git init /home/runner/work/polysign/polysign
2026-08-22T15:04:09.0100761Z hint: Using 'master' as the name for the initial branch. This default branch name
2026-08-22T15:04:09.0103160Z hint: will change to "main" in Git 3.0. To configure the initial branch name
2026-08-22T15:04:09.0104486Z hint: to use in all of your new repositories, which will suppress this warning,
2026-08-22T15:04:09.0105516Z hint: call:
2026-08-22T15:04:09.0106088Z hint:
2026-08-22T15:04:09.0106811Z hint: 	git config --global init.defaultBranch <name>
2026-08-22T15:04:09.0107664Z hint:
2026-08-22T15:04:09.0108463Z hint: Names commonly chosen instead of 'master' are 'main', 'trunk' and
2026-08-22T15:04:09.0109762Z hint: 'development'. The just-created branch can be renamed via this command:
2026-08-22T15:04:09.0110802Z hint:
2026-08-22T15:04:09.0111523Z hint: 	git branch -m <name>
2026-08-22T15:04:09.0112088Z hint:
2026-08-22T15:04:09.0112801Z hint: Disable this message with "git config set advice.defaultBranchName false"
2026-08-22T15:04:09.0118795Z Initialized empty Git repository in /home/runner/work/polysign/polysign/.git/
2026-08-22T15:04:09.0130808Z [command]/usr/bin/git remote add origin https://github.com/Wowjet/polysign
2026-08-22T15:04:09.0188234Z ##[endgroup]
2026-08-22T15:04:09.0189638Z ##[group]Disabling automatic garbage collection
2026-08-22T15:04:09.0192723Z [command]/usr/bin/git config --local gc.auto 0
2026-08-22T15:04:09.0251951Z ##[endgroup]
2026-08-22T15:04:09.0253566Z ##[group]Setting up auth
2026-08-22T15:04:09.0255160Z [command]/usr/bin/git config --local --name-only --get-regexp core\.sshCommand
2026-08-22T15:04:09.0288594Z [command]/usr/bin/git submodule foreach --recursive sh -c "git config --local --name-only --get-regexp 'core\.sshCommand' && git config --local --unset-all 'core.sshCommand' || :"
2026-08-22T15:04:09.0736700Z [command]/usr/bin/git config --local --name-only --get-regexp http\.https\:\/\/github\.com\/\.extraheader
2026-08-22T15:04:09.0777486Z [command]/usr/bin/git submodule foreach --recursive sh -c "git config --local --name-only --get-regexp 'http\.https\:\/\/github\.com\/\.extraheader' && git config --local --unset-all 'http.https://github.com/.extraheader' || :"
2026-08-22T15:04:09.1020928Z [command]/usr/bin/git config --local --name-only --get-regexp ^includeIf\.gitdir:
2026-08-22T15:04:09.1062409Z [command]/usr/bin/git submodule foreach --recursive git config --local --show-origin --name-only --get-regexp remote.origin.url
2026-08-22T15:04:09.1302462Z [command]/usr/bin/git config --local http.https://github.com/.extraheader AUTHORIZATION: basic ***
2026-08-22T15:04:09.1346070Z ##[endgroup]
2026-08-22T15:04:09.1347124Z ##[group]Fetching the repository
2026-08-22T15:04:09.1357246Z [command]/usr/bin/git -c protocol.version=2 fetch --no-tags --prune --no-recurse-submodules --depth=1 origin +6a48721e661f778c9a40eb89ed4593b613a18b8d:refs/remotes/origin/main
2026-08-22T15:04:09.4558931Z From https://github.com/Wowjet/polysign
2026-08-22T15:04:09.4563748Z  * [new ref]         6a48721e661f778c9a40eb89ed4593b613a18b8d -> origin/main
2026-08-22T15:04:09.4566787Z ##[endgroup]
2026-08-22T15:04:09.4568089Z ##[group]Determining the checkout info
2026-08-22T15:04:09.4569645Z ##[endgroup]
2026-08-22T15:04:09.4574467Z [command]/usr/bin/git sparse-checkout disable
2026-08-22T15:04:09.4632079Z [command]/usr/bin/git config --local --unset-all extensions.worktreeConfig
2026-08-22T15:04:09.4666102Z ##[group]Checking out the ref
2026-08-22T15:04:09.4671009Z [command]/usr/bin/git checkout --progress --force -B main refs/remotes/origin/main
2026-08-22T15:04:09.4744116Z Switched to a new branch 'main'
2026-08-22T15:04:09.4749846Z branch 'main' set up to track 'origin/main'.
2026-08-22T15:04:09.4756797Z ##[endgroup]
2026-08-22T15:04:09.4813980Z [command]/usr/bin/git log -1 --format=%H
2026-08-22T15:04:09.4843045Z 6a48721e661f778c9a40eb89ed4593b613a18b8d
2026-08-22T15:04:09.5149621Z Node 20 is being deprecated. This workflow is running with Node 24 by default. If you need to temporarily use Node 20, you can set the ACTIONS_ALLOW_USE_UNSECURE_NODE_VERSION=true environment variable. For more information see: https://github.blog/changelog/2025-09-19-deprecation-of-node-20-on-github-actions-runners/
2026-08-22T15:04:09.5152778Z ##[group]Run actions/setup-python@v5
2026-08-22T15:04:09.5153321Z with:
2026-08-22T15:04:09.5153750Z   python-version: 3.13
2026-08-22T15:04:09.5154239Z   check-latest: false
2026-08-22T15:04:09.5157937Z   token: ***
2026-08-22T15:04:09.5158406Z   update-environment: true
2026-08-22T15:04:09.5158919Z   allow-prereleases: false
2026-08-22T15:04:09.5159415Z   freethreaded: false
2026-08-22T15:04:09.5159872Z ##[endgroup]
2026-08-22T15:04:09.6546739Z ##[group]Installed versions
2026-08-22T15:04:09.6677649Z (node:2212) [DEP0040] DeprecationWarning: The `punycode` module is deprecated. Please use a userland alternative instead.
2026-08-22T15:04:09.6679452Z (Use `node --trace-deprecation ...` to show where the warning was created)
2026-08-22T15:04:09.6685908Z Successfully set up CPython (3.13.15)
2026-08-22T15:04:09.6687941Z ##[endgroup]
2026-08-22T15:04:09.6860579Z ##[group]Run pip install websocket-client
2026-08-22T15:04:09.6861823Z [36;1mpip install websocket-client[0m
2026-08-22T15:04:09.7109404Z shell: /usr/bin/bash -e {0}
2026-08-22T15:04:09.7110088Z env:
2026-08-22T15:04:09.7110714Z   pythonLocation: /opt/hostedtoolcache/Python/3.13.15/x64
2026-08-22T15:04:09.7112124Z   PKG_CONFIG_PATH: /opt/hostedtoolcache/Python/3.13.15/x64/lib/pkgconfig
2026-08-22T15:04:09.7113064Z   Python_ROOT_DIR: /opt/hostedtoolcache/Python/3.13.15/x64
2026-08-22T15:04:09.7113892Z   Python2_ROOT_DIR: /opt/hostedtoolcache/Python/3.13.15/x64
2026-08-22T15:04:09.7114740Z   Python3_ROOT_DIR: /opt/hostedtoolcache/Python/3.13.15/x64
2026-08-22T15:04:09.7116092Z   LD_LIBRARY_PATH: /opt/hostedtoolcache/Python/3.13.15/x64/lib
2026-08-22T15:04:09.7116964Z ##[endgroup]
2026-08-22T15:04:12.8043128Z Collecting websocket-client
2026-08-22T15:04:12.8532648Z   Downloading websocket_client-1.9.0-py3-none-any.whl.metadata (8.3 kB)
2026-08-22T15:04:12.8633215Z Downloading websocket_client-1.9.0-py3-none-any.whl (82 kB)
2026-08-22T15:04:13.0147983Z Installing collected packages: websocket-client
2026-08-22T15:04:13.0823000Z Successfully installed websocket-client-1.9.0
2026-08-22T15:04:13.1432878Z ##[group]Run timeout 2100 python -u bot.py || true
2026-08-22T15:04:13.1433394Z [36;1mtimeout 2100 python -u bot.py || true[0m
2026-08-22T15:04:13.1473643Z shell: /usr/bin/bash -e {0}
2026-08-22T15:04:13.1473959Z env:
2026-08-22T15:04:13.1474290Z   pythonLocation: /opt/hostedtoolcache/Python/3.13.15/x64
2026-08-22T15:04:13.1474815Z   PKG_CONFIG_PATH: /opt/hostedtoolcache/Python/3.13.15/x64/lib/pkgconfig
2026-08-22T15:04:13.1475338Z   Python_ROOT_DIR: /opt/hostedtoolcache/Python/3.13.15/x64
2026-08-22T15:04:13.1475787Z   Python2_ROOT_DIR: /opt/hostedtoolcache/Python/3.13.15/x64
2026-08-22T15:04:13.1476239Z   Python3_ROOT_DIR: /opt/hostedtoolcache/Python/3.13.15/x64
2026-08-22T15:04:13.1476730Z   LD_LIBRARY_PATH: /opt/hostedtoolcache/Python/3.13.15/x64/lib
2026-08-22T15:04:13.1477180Z   POLYSIGN_AUTO_COMMIT: 1
2026-08-22T15:04:13.1477879Z   TG_TOKEN: ***
2026-08-22T15:04:13.1478165Z   TG_CHAT_ID: ***
2026-08-22T15:04:13.1478428Z ##[endgroup]
2026-08-22T15:04:13.3350009Z polysign | min_edge=0.40%  min_liq=$30  interval=10s  +websocket
2026-08-22T15:04:13.6104879Z ws: соединение установлено
2026-08-22T15:04:26.2646280Z   ? ESPN пусто для baseball/mlb, football/nfl, soccer/aut.1, soccer/bra.1, soccer/chn.1, soccer/eng.1, soccer/eng.2, soccer/eng.3, soccer/eng.4, soccer/esp.1, soccer/esp.2, soccer/fra.1, soccer/fra.2, soccer/ita.1, soccer/ita.2, soccer/por.1, soccer/sco.1, soccer/swe.1, soccer/tur.1 (geo/лимит?)
2026-08-22T15:04:28.9815445Z [BOOK-ONLY] Exeter City FC — Exeter City FC vs. Accrington Stanley FC
2026-08-22T15:04:28.9816874Z    ask 0.920 × $1008   p≈?   edge +8.00%   профит ~$81   без подтверждения счётом
2026-08-22T15:04:28.9817936Z    https://polymarket.com/event/el2-exe-ast-2026-08-22
2026-08-22T15:04:29.3306257Z 15:04:13 | событий 78 | ESPN 19 лиг, live=0, финалов=0 | ws 273/231 | REST-стаканов 60 | проход 16.0с
2026-08-22T15:04:40.8215760Z   ? ESPN пусто для baseball/mlb, football/nfl, soccer/aut.1, soccer/bra.1, soccer/chn.1, soccer/eng.1, soccer/eng.2, soccer/eng.3, soccer/eng.4, soccer/esp.1, soccer/esp.2, soccer/fra.1, soccer/fra.2, soccer/ita.1, soccer/ita.2, soccer/por.1, soccer/sco.1, soccer/swe.1, soccer/tur.1 (geo/лимит?)
2026-08-22T15:04:40.8469731Z 15:04:40 | событий 78 | ESPN 19 лиг, live=0, финалов=0 | ws 231/231 | REST-стаканов 0 | проход 0.0с
2026-08-22T15:04:40.8475000Z   1 сигналов в очереди, все в cooldown
2026-08-22T15:04:50.8612102Z   ? ESPN пусто для baseball/mlb, football/nfl, soccer/aut.1, soccer/bra.1, soccer/chn.1, soccer/eng.1, soccer/eng.2, soccer/eng.3, soccer/eng.4, soccer/esp.1, soccer/esp.2, soccer/fra.1, soccer/fra.2, soccer/ita.1, soccer/ita.2, soccer/por.1, soccer/sco.1, soccer/swe.1, soccer/tur.1 (geo/лимит?)
2026-08-22T15:04:50.8859758Z 15:04:50 | событий 78 | ESPN 19 лиг, live=0, финалов=0 | ws 231/231 | REST-стаканов 0 | проход 0.0с
2026-08-22T15:04:50.8861274Z   1 сигналов в очереди, все в cooldown
2026-08-22T15:05:11.1828493Z   ? ESPN пусто для baseball/mlb, football/nfl, soccer/aut.1, soccer/bra.1, soccer/chn.1, soccer/eng.1, soccer/eng.2, soccer/eng.3, soccer/eng.4, soccer/esp.1, soccer/esp.2, soccer/fra.1, soccer/fra.2, soccer/ita.1, soccer/ita.2, soccer/por.1, soccer/sco.1, soccer/swe.1, soccer/tur.1 (geo/лимит?)
2026-08-22T15:05:11.2079598Z 15:05:00 | событий 78 | ESPN 19 лиг, live=0, финалов=0 | ws 231/231 | REST-стаканов 0 | проход 10.3с
2026-08-22T15:05:11.2080546Z   1 сигналов в очереди, все в cooldown
2026-08-22T15:05:21.2244934Z   ? ESPN пусто для baseball/mlb, football/nfl, soccer/aut.1, soccer/bra.1, soccer/chn.1, soccer/eng.1, soccer/eng.2, soccer/eng.3, soccer/eng.4, soccer/esp.1, soccer/esp.2, soccer/fra.1, soccer/fra.2, soccer/ita.1, soccer/ita.2, soccer/por.1, soccer/sco.1, soccer/swe.1, soccer/tur.1 (geo/лимит?)
2026-08-22T15:05:21.2496259Z 15:05:21 | событий 78 | ESPN 19 лиг, live=0, финалов=0 | ws 231/231 | REST-стаканов 0 | проход 0.0с
2026-08-22T15:05:21.2497490Z   1 сигналов в очереди, все в cooldown
2026-08-22T15:05:31.2637522Z   ? ESPN пусто для baseball/mlb, football/nfl, soccer/aut.1, soccer/bra.1, soccer/chn.1, soccer/eng.1, soccer/eng.2, soccer/eng.3, soccer/eng.4, soccer/esp.1, soccer/esp.2, soccer/fra.1, soccer/fra.2, soccer/ita.1, soccer/ita.2, soccer/por.1, soccer/sco.1, soccer/swe.1, soccer/tur.1 (geo/лимит?)
2026-08-22T15:05:31.2886227Z 15:05:31 | событий 78 | ESPN 19 лиг, live=0, финалов=0 | ws 232/231 | REST-стаканов 0 | проход 0.0с
2026-08-22T15:05:31.2887320Z   1 сигналов в очереди, все в cooldown
2026-08-22T15:05:51.5191692Z   ? ESPN пусто для baseball/mlb, football/nfl, soccer/aut.1, soccer/bra.1, soccer/chn.1, soccer/eng.1, soccer/eng.2, soccer/eng.3, soccer/eng.4, soccer/esp.1, soccer/esp.2, soccer/fra.1, soccer/fra.2, soccer/ita.1, soccer/ita.2, soccer/por.1, soccer/sco.1, soccer/swe.1, soccer/tur.1 (geo/лимит?)
2026-08-22T15:05:51.5454483Z 15:05:41 | событий 78 | ESPN 19 лиг, live=0, финалов=0 | ws 231/231 | REST-стаканов 0 | проход 10.3с
2026-08-22T15:05:51.5455429Z   1 сигналов в очереди, все в cooldown
2026-08-22T15:06:01.5674645Z   ? ESPN пусто для baseball/mlb, football/nfl, soccer/aut.1, soccer/bra.1, soccer/chn.1, soccer/eng.1, soccer/eng.2, soccer/eng.3, soccer/eng.4, soccer/esp.1, soccer/esp.2, soccer/fra.1, soccer/fra.2, soccer/ita.1, soccer/ita.2, soccer/por.1, soccer/sco.1, soccer/swe.1, soccer/tur.1 (geo/лимит?)
2026-08-22T15:06:01.5935076Z 15:06:01 | событий 78 | ESPN 19 лиг, live=0, финалов=0 | ws 231/231 | REST-стаканов 0 | проход 0.0с
2026-08-22T15:06:01.5936522Z   1 сигналов в очереди, все в cooldown
2026-08-22T15:06:11.6077310Z   ? ESPN пусто для baseball/mlb, football/nfl, soccer/aut.1, soccer/bra.1, soccer/chn.1, soccer/eng.1, soccer/eng.2, soccer/eng.3, soccer/eng.4, soccer/esp.1, soccer/esp.2, soccer/fra.1, soccer/fra.2, soccer/ita.1, soccer/ita.2, soccer/por.1, soccer/sco.1, soccer/swe.1, soccer/tur.1 (geo/лимит?)
2026-08-22T15:06:11.6338628Z 15:06:11 | событий 78 | ESPN 19 лиг, live=0, финалов=0 | ws 231/231 | REST-стаканов 0 | проход 0.0с
2026-08-22T15:06:11.6352854Z   1 сигналов в очереди, все в cooldown
2026-08-22T15:06:35.0958503Z   ? ESPN пусто для baseball/mlb, football/nfl, soccer/aut.1, soccer/bra.1, soccer/chn.1, soccer/eng.1, soccer/eng.2, soccer/eng.3, soccer/eng.4, soccer/esp.1, soccer/esp.2, soccer/fra.1, soccer/fra.2, soccer/ita.1, soccer/ita.2, soccer/por.1, soccer/sco.1, soccer/swe.1, soccer/tur.1 (geo/лимит?)
2026-08-22T15:06:35.1275590Z 15:06:21 | событий 78 | ESPN 19 лиг, live=0, финалов=0 | ws 231/231 | REST-стаканов 0 | проход 13.5с
2026-08-22T15:06:35.1276838Z   1 сигналов в очереди, все в cooldown
2026-08-22T15:06:45.1430354Z   ? ESPN пусто для baseball/mlb, football/nfl, soccer/aut.1, soccer/bra.1, soccer/chn.1, soccer/eng.1, soccer/eng.2, soccer/eng.3, soccer/eng.4, soccer/esp.1, soccer/esp.2, soccer/fra.1, soccer/fra.2, soccer/ita.1, soccer/ita.2, soccer/por.1, soccer/sco.1, soccer/swe.1, soccer/tur.1 (geo/лимит?)
2026-08-22T15:06:45.1689479Z 15:06:45 | событий 78 | ESPN 19 лиг, live=0, финалов=0 | ws 231/231 | REST-стаканов 0 | проход 0.0с
2026-08-22T15:06:45.1690189Z   1 сигналов в очереди, все в cooldown
2026-08-22T15:06:55.1887567Z   ? ESPN пусто для baseball/mlb, football/nfl, soccer/aut.1, soccer/bra.1, soccer/chn.1, soccer/eng.1, soccer/eng.2, soccer/eng.3, soccer/eng.4, soccer/esp.1, soccer/esp.2, soccer/fra.1, soccer/fra.2, soccer/ita.1, soccer/ita.2, soccer/por.1, soccer/sco.1, soccer/swe.1, soccer/tur.1 (geo/лимит?)
2026-08-22T15:06:55.2143777Z 15:06:55 | событий 78 | ESPN 19 лиг, live=0, финалов=0 | ws 231/231 | REST-стаканов 0 | проход 0.0с
2026-08-22T15:06:55.2150867Z   1 сигналов в очереди, все в cooldown
2026-08-22T15:07:15.4193299Z   ? ESPN пусто для baseball/mlb, football/nfl, soccer/aut.1, soccer/bra.1, soccer/chn.1, soccer/eng.1, soccer/eng.2, soccer/eng.3, soccer/eng.4, soccer/esp.1, soccer/esp.2, soccer/fra.1, soccer/fra.2, soccer/ita.1, soccer/ita.2, soccer/por.1, soccer/sco.1, soccer/swe.1, soccer/tur.1 (geo/лимит?)
2026-08-22T15:07:15.4449188Z 15:07:05 | событий 78 | ESPN 19 лиг, live=0, финалов=0 | ws 231/231 | REST-стаканов 0 | проход 10.2с
2026-08-22T15:07:15.4450435Z   1 сигналов в очереди, все в cooldown
2026-08-22T15:07:25.4609660Z   ? ESPN пусто для baseball/mlb, football/nfl, soccer/aut.1, soccer/bra.1, soccer/chn.1, soccer/eng.1, soccer/eng.2, soccer/eng.3, soccer/eng.4, soccer/esp.1, soccer/esp.2, soccer/fra.1, soccer/fra.2, soccer/ita.1, soccer/ita.2, soccer/por.1, soccer/sco.1, soccer/swe.1, soccer/tur.1 (geo/лимит?)
2026-08-22T15:07:25.4859400Z 15:07:25 | событий 78 | ESPN 19 лиг, live=0, финалов=0 | ws 231/231 | REST-стаканов 0 | проход 0.0с
2026-08-22T15:07:25.4869614Z   1 сигналов в очереди, все в cooldown
2026-08-22T15:07:35.5015984Z   ? ESPN пусто для baseball/mlb, football/nfl, soccer/aut.1, soccer/bra.1, soccer/chn.1, soccer/eng.1, soccer/eng.2, soccer/eng.3, soccer/eng.4, soccer/esp.1, soccer/esp.2, soccer/fra.1, soccer/fra.2, soccer/ita.1, soccer/ita.2, soccer/por.1, soccer/sco.1, soccer/swe.1, soccer/tur.1 (geo/лимит?)
2026-08-22T15:07:35.5272781Z 15:07:35 | событий 78 | ESPN 19 лиг, live=0, финалов=0 | ws 231/231 | REST-стаканов 0 | проход 0.0с
2026-08-22T15:07:35.5274042Z   1 сигналов в очереди, все в cooldown
2026-08-22T15:07:55.7097537Z   ? ESPN пусто для baseball/mlb, football/nfl, soccer/aut.1, soccer/bra.1, soccer/chn.1, soccer/eng.1, soccer/eng.2, soccer/eng.3, soccer/eng.4, soccer/esp.1, soccer/esp.2, soccer/fra.1, soccer/fra.2, soccer/ita.1, soccer/ita.2, soccer/por.1, soccer/sco.1, soccer/swe.1, soccer/tur.1 (geo/лимит?)
2026-08-22T15:07:55.7356672Z [ARB] все 3 исхода — Real Oviedo vs. CD Leganés
2026-08-22T15:07:55.7357786Z    ask 0.990 × $294   p≈1.00   edge +1.00%   профит ~$3   сумма асков 0.990
2026-08-22T15:07:55.7358973Z    https://polymarket.com/event/es2-ovi-leg-2026-08-22
2026-08-22T15:07:56.0993243Z 15:07:45 | событий 78 | ESPN 19 лиг, live=0, финалов=0 | ws 254/231 | REST-стаканов 0 | проход 10.6с
2026-08-22T15:08:07.5482240Z   ? ESPN пусто для baseball/mlb, football/nfl, soccer/aut.1, soccer/bra.1, soccer/chn.1, soccer/eng.1, soccer/eng.2, soccer/eng.3, soccer/eng.4, soccer/esp.1, soccer/esp.2, soccer/fra.1, soccer/fra.2, soccer/ita.1, soccer/ita.2, soccer/por.1, soccer/sco.1, soccer/swe.1, soccer/tur.1 (geo/лимит?)
2026-08-22T15:08:07.5734426Z 15:08:07 | событий 78 | ESPN 19 лиг, live=0, финалов=0 | ws 231/231 | REST-стаканов 0 | проход 0.1с
2026-08-22T15:08:07.5735649Z   2 сигналов в очереди, все в cooldown
2026-08-22T15:08:17.5880458Z   ? ESPN пусто для baseball/mlb, football/nfl, soccer/aut.1, soccer/bra.1, soccer/chn.1, soccer/eng.1, soccer/eng.2, soccer/eng.3, soccer/eng.4, soccer/esp.1, soccer/esp.2, soccer/fra.1, soccer/fra.2, soccer/ita.1, soccer/ita.2, soccer/por.1, soccer/sco.1, soccer/swe.1, soccer/tur.1 (geo/лимит?)
2026-08-22T15:08:17.6139919Z [BOOK-ONLY] Exeter City FC — Exeter City FC vs. Accrington Stanley FC
2026-08-22T15:08:17.6140847Z    ask 0.920 × $1008   p≈?   edge +8.00%   профит ~$81   без подтверждения счётом
2026-08-22T15:08:17.6141948Z    https://polymarket.com/event/el2-exe-ast-2026-08-22
2026-08-22T15:08:17.9420035Z 15:08:17 | событий 78 | ESPN 19 лиг, live=0, финалов=0 | ws 277/231 | REST-стаканов 0 | проход 0.4с
2026-08-22T15:08:43.4737971Z   ? ESPN пусто для baseball/mlb, football/nfl, soccer/aut.1, soccer/bra.1, soccer/chn.1, soccer/eng.1, soccer/eng.2, soccer/eng.3, soccer/eng.4, soccer/esp.1, soccer/esp.2, soccer/fra.1, soccer/fra.2, soccer/ita.1, soccer/ita.2, soccer/por.1, soccer/sco.1, soccer/swe.1, soccer/tur.1 (geo/лимит?)
2026-08-22T15:08:43.5000054Z 15:08:29 | событий 78 | ESPN 19 лиг, live=0, финалов=0 | ws 231/231 | REST-стаканов 0 | проход 14.1с
2026-08-22T15:08:43.5001279Z   1 сигналов в очереди, все в cooldown
2026-08-22T15:08:53.5190113Z   ? ESPN пусто для baseball/mlb, football/nfl, soccer/aut.1, soccer/bra.1, soccer/chn.1, soccer/eng.1, soccer/eng.2, soccer/eng.3, soccer/eng.4, soccer/esp.1, soccer/esp.2, soccer/fra.1, soccer/fra.2, soccer/ita.1, soccer/ita.2, soccer/por.1, soccer/sco.1, soccer/swe.1, soccer/tur.1 (geo/лимит?)
2026-08-22T15:08:53.5535292Z 15:08:53 | событий 78 | ESPN 19 лиг, live=0, финалов=0 | ws 232/231 | REST-стаканов 0 | проход 0.0с
2026-08-22T15:08:53.5536210Z   1 сигналов в очереди, все в cooldown
2026-08-22T15:09:03.5658713Z   ? ESPN пусто для baseball/mlb, football/nfl, soccer/aut.1, soccer/bra.1, soccer/chn.1, soccer/eng.1, soccer/eng.2, soccer/eng.3, soccer/eng.4, soccer/esp.1, soccer/esp.2, soccer/fra.1, soccer/fra.2, soccer/ita.1, soccer/ita.2, soccer/por.1, soccer/sco.1, soccer/swe.1, soccer/tur.1 (geo/лимит?)
2026-08-22T15:09:03.5924585Z 15:09:03 | событий 78 | ESPN 19 лиг, live=0, финалов=0 | ws 231/231 | REST-стаканов 0 | проход 0.0с
2026-08-22T15:09:03.5925654Z   1 сигналов в очереди, все в cooldown
2026-08-22T15:09:23.7429431Z   ? ESPN пусто для baseball/mlb, football/nfl, soccer/aut.1, soccer/bra.1, soccer/chn.1, soccer/eng.1, soccer/eng.2, soccer/eng.3, soccer/eng.4, soccer/esp.1, soccer/esp.2, soccer/fra.1, soccer/fra.2, soccer/ita.1, soccer/ita.2, soccer/por.1, soccer/sco.1, soccer/swe.1, soccer/tur.1 (geo/лимит?)
2026-08-22T15:09:23.7681267Z 15:09:13 | событий 78 | ESPN 19 лиг, live=0, финалов=0 | ws 231/231 | REST-стаканов 0 | проход 10.2с
2026-08-22T15:09:23.7682411Z   1 сигналов в очереди, все в cooldown
2026-08-22T15:09:33.7840408Z   ? ESPN пусто для baseball/mlb, football/nfl, soccer/aut.1, soccer/bra.1, soccer/chn.1, soccer/eng.1, soccer/eng.2, soccer/eng.3, soccer/eng.4, soccer/esp.1, soccer/esp.2, soccer/fra.1, soccer/fra.2, soccer/ita.1, soccer/ita.2, soccer/por.1, soccer/sco.1, soccer/swe.1, soccer/tur.1 (geo/лимит?)
2026-08-22T15:09:33.8115178Z 15:09:33 | событий 78 | ESPN 19 лиг, live=0, финалов=0 | ws 231/231 | REST-стаканов 0 | проход 0.0с
2026-08-22T15:09:33.8115750Z   1 сигналов в очереди, все в cooldown
2026-08-22T15:09:43.8469761Z   ? ESPN пусто для baseball/mlb, football/nfl, soccer/aut.1, soccer/bra.1, soccer/chn.1, soccer/eng.1, soccer/eng.2, soccer/eng.3, soccer/eng.4, soccer/esp.1, soccer/esp.2, soccer/fra.1, soccer/fra.2, soccer/ita.1, soccer/ita.2, soccer/por.1, soccer/sco.1, soccer/swe.1, soccer/tur.1 (geo/лимит?)
2026-08-22T15:09:43.8730306Z 15:09:43 | событий 78 | ESPN 19 лиг, live=0, финалов=0 | ws 231/231 | REST-стаканов 0 | проход 0.1с | сигналов нет
2026-08-22T15:10:04.2177008Z   ? ESPN пусто для baseball/mlb, football/nfl, soccer/aut.1, soccer/bra.1, soccer/chn.1, soccer/eng.1, soccer/eng.2, soccer/eng.3, soccer/eng.4, soccer/esp.1, soccer/esp.2, soccer/fra.1, soccer/fra.2, soccer/ita.1, soccer/ita.2, soccer/por.1, soccer/sco.1, soccer/swe.1, soccer/tur.1 (geo/лимит?)
2026-08-22T15:10:04.2439429Z 15:09:53 | событий 78 | ESPN 19 лиг, live=0, финалов=0 | ws 231/231 | REST-стаканов 0 | проход 10.4с | сигналов нет
2026-08-22T15:10:14.2588751Z   ? ESPN пусто для baseball/mlb, football/nfl, soccer/aut.1, soccer/bra.1, soccer/chn.1, soccer/eng.1, soccer/eng.2, soccer/eng.3, soccer/eng.4, soccer/esp.1, soccer/esp.2, soccer/fra.1, soccer/fra.2, soccer/ita.1, soccer/ita.2, soccer/por.1, soccer/sco.1, soccer/swe.1, soccer/tur.1 (geo/лимит?)
2026-08-22T15:10:14.2842972Z 15:10:14 | событий 78 | ESPN 19 лиг, live=0, финалов=0 | ws 231/231 | REST-стаканов 0 | проход 0.0с | сигналов нет
2026-08-22T15:10:24.2984325Z   ? ESPN пусто для baseball/mlb, football/nfl, soccer/aut.1, soccer/bra.1, soccer/chn.1, soccer/eng.1, soccer/eng.2, soccer/eng.3, soccer/eng.4, soccer/esp.1, soccer/esp.2, soccer/fra.1, soccer/fra.2, soccer/ita.1, soccer/ita.2, soccer/por.1, soccer/sco.1, soccer/swe.1, soccer/tur.1 (geo/лимит?)
2026-08-22T15:10:24.3248015Z 15:10:24 | событий 78 | ESPN 19 лиг, live=0, финалов=0 | ws 231/231 | REST-стаканов 0 | проход 0.0с | сигналов нет
2026-08-22T15:10:47.8136097Z   ? ESPN пусто для baseball/mlb, football/nfl, soccer/aut.1, soccer/bra.1, soccer/chn.1, soccer/eng.1, soccer/eng.2, soccer/eng.3, soccer/eng.4, soccer/esp.1, soccer/esp.2, soccer/fra.1, soccer/fra.2, soccer/ita.1, soccer/ita.2, soccer/por.1, soccer/sco.1, soccer/swe.1, soccer/tur.1 (geo/лимит?)
2026-08-22T15:10:47.8398553Z 15:10:34 | событий 78 | ESPN 19 лиг, live=0, финалов=0 | ws 231/231 | REST-стаканов 0 | проход 13.5с | сигналов нет
2026-08-22T15:10:57.8580835Z   ? ESPN пусто для baseball/mlb, football/nfl, soccer/aut.1, soccer/bra.1, soccer/chn.1, soccer/eng.1, soccer/eng.2, soccer/eng.3, soccer/eng.4, soccer/esp.1, soccer/esp.2, soccer/fra.1, soccer/fra.2, soccer/ita.1, soccer/ita.2, soccer/por.1, soccer/sco.1, soccer/swe.1, soccer/tur.1 (geo/лимит?)
2026-08-22T15:10:57.8842960Z 15:10:57 | событий 78 | ESPN 19 лиг, live=0, финалов=0 | ws 231/231 | REST-стаканов 0 | проход 0.0с | сигналов нет
2026-08-22T15:11:07.8982916Z   ? ESPN пусто для baseball/mlb, football/nfl, soccer/aut.1, soccer/bra.1, soccer/chn.1, soccer/eng.1, soccer/eng.2, soccer/eng.3, soccer/eng.4, soccer/esp.1, soccer/esp.2, soccer/fra.1, soccer/fra.2, soccer/ita.1, soccer/ita.2, soccer/por.1, soccer/sco.1, soccer/swe.1, soccer/tur.1 (geo/лимит?)
2026-08-22T15:11:07.9258032Z 15:11:07 | событий 78 | ESPN 19 лиг, live=0, финалов=0 | ws 231/231 | REST-стаканов 0 | проход 0.0с | сигналов нет
2026-08-22T15:11:28.1593543Z   ? ESPN пусто для baseball/mlb, football/nfl, soccer/aut.1, soccer/bra.1, soccer/chn.1, soccer/eng.1, soccer/eng.2, soccer/eng.3, soccer/eng.4, soccer/esp.1, soccer/esp.2, soccer/fra.1, soccer/fra.2, soccer/ita.1, soccer/ita.2, soccer/por.1, soccer/sco.1, soccer/swe.1, soccer/tur.1 (geo/лимит?)
2026-08-22T15:11:28.1847520Z 15:11:17 | событий 78 | ESPN 19 лиг, live=0, финалов=0 | ws 231/231 | REST-стаканов 0 | проход 10.3с | сигналов нет
2026-08-22T15:11:38.2007427Z   ? ESPN пусто для baseball/mlb, football/nfl, soccer/aut.1, soccer/bra.1, soccer/chn.1, soccer/eng.1, soccer/eng.2, soccer/eng.3, soccer/eng.4, soccer/esp.1, soccer/esp.2, soccer/fra.1, soccer/fra.2, soccer/ita.1, soccer/ita.2, soccer/por.1, soccer/sco.1, soccer/swe.1, soccer/tur.1 (geo/лимит?)
2026-08-22T15:11:38.2267434Z 15:11:38 | событий 78 | ESPN 19 лиг, live=0, финалов=0 | ws 231/231 | REST-стаканов 0 | проход 0.0с | сигналов нет
2026-08-22T15:11:48.2483642Z   ? ESPN пусто для baseball/mlb, football/nfl, soccer/aut.1, soccer/bra.1, soccer/chn.1, soccer/eng.1, soccer/eng.2, soccer/eng.3, soccer/eng.4, soccer/esp.1, soccer/esp.2, soccer/fra.1, soccer/fra.2, soccer/ita.1, soccer/ita.2, soccer/por.1, soccer/sco.1, soccer/swe.1, soccer/tur.1 (geo/лимит?)
2026-08-22T15:11:48.2747045Z 15:11:48 | событий 78 | ESPN 19 лиг, live=0, финалов=0 | ws 231/231 | REST-стаканов 0 | проход 0.0с | сигналов нет
2026-08-22T15:12:08.5550638Z   ? ESPN пусто для baseball/mlb, football/nfl, soccer/aut.1, soccer/bra.1, soccer/chn.1, soccer/eng.1, soccer/eng.2, soccer/eng.3, soccer/eng.4, soccer/esp.1, soccer/esp.2, soccer/fra.1, soccer/fra.2, soccer/ita.1, soccer/ita.2, soccer/por.1, soccer/sco.1, soccer/swe.1, soccer/tur.1 (geo/лимит?)
2026-08-22T15:12:08.5807427Z 15:11:58 | событий 78 | ESPN 19 лиг, live=0, финалов=0 | ws 231/231 | REST-стаканов 0 | проход 10.3с | сигналов нет
2026-08-22T15:12:18.6074569Z   ? ESPN пусто для baseball/mlb, football/nfl, soccer/aut.1, soccer/bra.1, soccer/chn.1, soccer/eng.1, soccer/eng.2, soccer/eng.3, soccer/eng.4, soccer/esp.1, soccer/esp.2, soccer/fra.1, soccer/fra.2, soccer/ita.1, soccer/ita.2, soccer/por.1, soccer/sco.1, soccer/swe.1, soccer/tur.1 (geo/лимит?)
2026-08-22T15:12:18.6334935Z 15:12:18 | событий 78 | ESPN 19 лиг, live=0, финалов=0 | ws 231/231 | REST-стаканов 0 | проход 0.0с | сигналов нет
2026-08-22T15:12:28.6502329Z   ? ESPN пусто для baseball/mlb, football/nfl, soccer/aut.1, soccer/bra.1, soccer/chn.1, soccer/eng.1, soccer/eng.2, soccer/eng.3, soccer/eng.4, soccer/esp.1, soccer/esp.2, soccer/fra.1, soccer/fra.2, soccer/ita.1, soccer/ita.2, soccer/por.1, soccer/sco.1, soccer/swe.1, soccer/tur.1 (geo/лимит?)
2026-08-22T15:12:28.6762994Z [ARB] все 3 исхода — Leicester City FC vs. Burton Albion FC
2026-08-22T15:12:28.6763595Z    ask 0.996 × $83   p≈1.00   edge +0.40%   профит ~$0   сумма асков 0.996
2026-08-22T15:12:28.6764279Z    https://polymarket.com/event/el1-lei-bur-2026-08-22
2026-08-22T15:12:29.0709825Z 15:12:28 | событий 78 | ESPN 19 лиг, live=0, финалов=0 | ws 271/231 | REST-стаканов 0 | проход 0.4с
2026-08-22T15:12:52.9098249Z   ? ESPN пусто для baseball/mlb, football/nfl, soccer/aut.1, soccer/bra.1, soccer/chn.1, soccer/eng.1, soccer/eng.2, soccer/eng.3, soccer/eng.4, soccer/esp.1, soccer/esp.2, soccer/fra.1, soccer/fra.2, soccer/ita.1, soccer/ita.2, soccer/por.1, soccer/sco.1, soccer/swe.1, soccer/tur.1 (geo/лимит?)
2026-08-22T15:12:52.9371325Z 15:12:39 | событий 78 | ESPN 19 лиг, live=0, финалов=0 | ws 231/231 | REST-стаканов 0 | проход 13.4с
2026-08-22T15:12:52.9372801Z   1 сигналов в очереди, все в cooldown
2026-08-22T15:13:03.2519987Z   ? ESPN пусто для baseball/mlb, football/nfl, soccer/aut.1, soccer/bra.1, soccer/chn.1, soccer/eng.1, soccer/eng.2, soccer/eng.3, soccer/eng.4, soccer/esp.1, soccer/esp.2, soccer/fra.1, soccer/fra.2, soccer/ita.1, soccer/ita.2, soccer/por.1, soccer/sco.1, soccer/swe.1, soccer/tur.1 (geo/лимит?)
2026-08-22T15:13:03.2774060Z 15:13:03 | событий 78 | ESPN 19 лиг, live=0, финалов=0 | ws 231/231 | REST-стаканов 0 | проход 0.0с
2026-08-22T15:13:03.2780760Z   1 сигналов в очереди, все в cooldown
2026-08-22T15:13:13.2912871Z   ? ESPN пусто для baseball/mlb, football/nfl, soccer/aut.1, soccer/bra.1, soccer/chn.1, soccer/eng.1, soccer/eng.2, soccer/eng.3, soccer/eng.4, soccer/esp.1, soccer/esp.2, soccer/fra.1, soccer/fra.2, soccer/ita.1, soccer/ita.2, soccer/por.1, soccer/sco.1, soccer/swe.1, soccer/tur.1 (geo/лимит?)
2026-08-22T15:13:13.3175947Z 15:13:13 | событий 78 | ESPN 19 лиг, live=0, финалов=0 | ws 231/231 | REST-стаканов 0 | проход 0.0с
2026-08-22T15:13:13.3176698Z   1 сигналов в очереди, все в cooldown
2026-08-22T15:13:33.5591771Z   ? ESPN пусто для baseball/mlb, football/nfl, soccer/aut.1, soccer/bra.1, soccer/chn.1, soccer/eng.1, soccer/eng.2, soccer/eng.3, soccer/eng.4, soccer/esp.1, soccer/esp.2, soccer/fra.1, soccer/fra.2, soccer/ita.1, soccer/ita.2, soccer/por.1, soccer/sco.1, soccer/swe.1, soccer/tur.1 (geo/лимит?)
2026-08-22T15:13:33.5855633Z [ARB] все 3 исхода — Queens Park Rangers FC vs. Bolton Wanderers FC
2026-08-22T15:13:33.5857087Z    ask 0.970 × $232   p≈1.00   edge +3.00%   профит ~$7   сумма асков 0.970
2026-08-22T15:13:33.5858127Z    https://polymarket.com/event/elc-qpr-bol-2026-08-22
2026-08-22T15:13:33.9088983Z 15:13:23 | событий 78 | ESPN 19 лиг, live=0, финалов=0 | ws 277/231 | REST-стаканов 0 | проход 10.6с
2026-08-22T15:13:44.1752357Z   ? ESPN пусто для baseball/mlb, football/nfl, soccer/aut.1, soccer/bra.1, soccer/chn.1, soccer/eng.1, soccer/eng.2, soccer/eng.3, soccer/eng.4, soccer/esp.1, soccer/esp.2, soccer/fra.1, soccer/fra.2, soccer/ita.1, soccer/ita.2, soccer/por.1, soccer/sco.1, soccer/swe.1, soccer/tur.1 (geo/лимит?)
2026-08-22T15:13:44.2009031Z 15:13:44 | событий 78 | ESPN 19 лиг, live=0, финалов=0 | ws 231/231 | REST-стаканов 0 | проход 0.0с
2026-08-22T15:13:44.2010317Z   2 сигналов в очереди, все в cooldown
2026-08-22T15:13:54.2168162Z   ? ESPN пусто для baseball/mlb, football/nfl, soccer/aut.1, soccer/bra.1, soccer/chn.1, soccer/eng.1, soccer/eng.2, soccer/eng.3, soccer/eng.4, soccer/esp.1, soccer/esp.2, soccer/fra.1, soccer/fra.2, soccer/ita.1, soccer/ita.2, soccer/por.1, soccer/sco.1, soccer/swe.1, soccer/tur.1 (geo/лимит?)
2026-08-22T15:13:54.2419110Z 15:13:54 | событий 78 | ESPN 19 лиг, live=0, финалов=0 | ws 231/231 | REST-стаканов 0 | проход 0.0с
2026-08-22T15:13:54.2419922Z   2 сигналов в очереди, все в cooldown
2026-08-22T15:14:14.4605601Z   ? ESPN пусто для baseball/mlb, football/nfl, soccer/aut.1, soccer/bra.1, soccer/chn.1, soccer/eng.1, soccer/eng.2, soccer/eng.3, soccer/eng.4, soccer/esp.1, soccer/esp.2, soccer/fra.1, soccer/fra.2, soccer/ita.1, soccer/ita.2, soccer/por.1, soccer/sco.1, soccer/swe.1, soccer/tur.1 (geo/лимит?)
2026-08-22T15:14:14.4866211Z 15:14:04 | событий 78 | ESPN 19 лиг, live=0, финалов=0 | ws 231/231 | REST-стаканов 0 | проход 10.2с
2026-08-22T15:14:14.4866915Z   1 сигналов в очереди, все в cooldown
2026-08-22T15:14:24.5099200Z   ? ESPN пусто для baseball/mlb, football/nfl, soccer/aut.1, soccer/bra.1, soccer/chn.1, soccer/eng.1, soccer/eng.2, soccer/eng.3, soccer/eng.4, soccer/esp.1, soccer/esp.2, soccer/fra.1, soccer/fra.2, soccer/ita.1, soccer/ita.2, soccer/por.1, soccer/sco.1, soccer/swe.1, soccer/tur.1 (geo/лимит?)
2026-08-22T15:14:24.5352081Z 15:14:24 | событий 78 | ESPN 19 лиг, live=0, финалов=0 | ws 231/231 | REST-стаканов 0 | проход 0.0с
2026-08-22T15:14:24.5352825Z   1 сигналов в очереди, все в cooldown
2026-08-22T15:14:34.5483713Z   ? ESPN пусто для baseball/mlb, football/nfl, soccer/aut.1, soccer/bra.1, soccer/chn.1, soccer/eng.1, soccer/eng.2, soccer/eng.3, soccer/eng.4, soccer/esp.1, soccer/esp.2, soccer/fra.1, soccer/fra.2, soccer/ita.1, soccer/ita.2, soccer/por.1, soccer/sco.1, soccer/swe.1, soccer/tur.1 (geo/лимит?)
2026-08-22T15:14:34.5742101Z 15:14:34 | событий 78 | ESPN 19 лиг, live=0, финалов=0 | ws 231/231 | REST-стаканов 0 | проход 0.0с
2026-08-22T15:14:34.5752336Z   1 сигналов в очереди, все в cooldown
2026-08-22T15:14:55.3395953Z ##[error]The operation was canceled.
2026-08-22T15:14:55.3457953Z ##[group]Run git add signals.log || true
2026-08-22T15:14:55.3458336Z [36;1mgit add signals.log || true[0m
2026-08-22T15:14:55.3458808Z [36;1mgit -c user.name=polysign-bot -c user.email=bot@users.noreply.github.com \[0m
2026-08-22T15:14:55.3459324Z [36;1m  commit -m "signals update (final)" || true[0m
2026-08-22T15:14:55.3459680Z [36;1mgit pull --rebase --autostash || true[0m
2026-08-22T15:14:55.3459993Z [36;1mgit push || true[0m
2026-08-22T15:14:55.3501642Z shell: /usr/bin/bash -e {0}
2026-08-22T15:14:55.3501931Z env:
2026-08-22T15:14:55.3502217Z   pythonLocation: /opt/hostedtoolcache/Python/3.13.15/x64
2026-08-22T15:14:55.3502678Z   PKG_CONFIG_PATH: /opt/hostedtoolcache/Python/3.13.15/x64/lib/pkgconfig
2026-08-22T15:14:55.3503131Z   Python_ROOT_DIR: /opt/hostedtoolcache/Python/3.13.15/x64
2026-08-22T15:14:55.3503534Z   Python2_ROOT_DIR: /opt/hostedtoolcache/Python/3.13.15/x64
2026-08-22T15:14:55.3503942Z   Python3_ROOT_DIR: /opt/hostedtoolcache/Python/3.13.15/x64
2026-08-22T15:14:55.3504392Z   LD_LIBRARY_PATH: /opt/hostedtoolcache/Python/3.13.15/x64/lib
2026-08-22T15:14:55.3504740Z ##[endgroup]
2026-08-22T15:14:55.3612073Z interactive rebase in progress; onto a81edbd
2026-08-22T15:14:55.3612693Z Last command done (1 command done):
2026-08-22T15:14:55.3613319Z    pick 51a441c # signals update
2026-08-22T15:14:55.3616099Z No commands remaining.
2026-08-22T15:14:55.3616904Z You are currently editing a commit while rebasing branch 'main' on 'a81edbd'.
2026-08-22T15:14:55.3617688Z   (use "git commit --amend" to amend the current commit)
2026-08-22T15:14:55.3618492Z   (use "git rebase --continue" once you are satisfied with your changes)
2026-08-22T15:14:55.3618974Z 
2026-08-22T15:14:55.3619252Z nothing to commit, working tree clean
2026-08-22T15:14:55.5956468Z You are not currently on a branch.
2026-08-22T15:14:55.5960822Z Please specify which branch you want to rebase against.
2026-08-22T15:14:55.5961807Z See git-pull(1) for details.
2026-08-22T15:14:55.5962760Z 
2026-08-22T15:14:55.5963137Z     git pull <remote> <branch>
2026-08-22T15:14:55.5963395Z 
2026-08-22T15:14:55.5963722Z fatal: You are not currently on a branch.
2026-08-22T15:14:55.5964406Z To push the history leading to the current (detached HEAD)
2026-08-22T15:14:55.5965007Z state now, use
2026-08-22T15:14:55.5965492Z 
2026-08-22T15:14:55.5965873Z     git push origin HEAD:<name-of-remote-branch>
2026-08-22T15:14:55.5966289Z 
2026-08-22T15:14:55.6141089Z Node 20 is being deprecated. This workflow is running with Node 24 by default. If you need to temporarily use Node 20, you can set the ACTIONS_ALLOW_USE_UNSECURE_NODE_VERSION=true environment variable. For more information see: https://github.blog/changelog/2025-09-19-deprecation-of-node-20-on-github-actions-runners/
2026-08-22T15:14:55.6142678Z Post job cleanup.
2026-08-22T15:14:55.8773786Z [command]/usr/bin/git version
2026-08-22T15:14:55.8775878Z git version 2.55.0
2026-08-22T15:14:55.8783450Z Temporarily overriding HOME='/home/runner/work/_temp/d9fafdca-b33c-484e-b181-f69e9fd38d0e' before making global git config changes
2026-08-22T15:14:55.8784950Z Adding repository directory to the temporary git global config as a safe directory
2026-08-22T15:14:55.8786007Z [command]/usr/bin/git config --global --add safe.directory /home/runner/work/polysign/polysign
2026-08-22T15:14:55.8788015Z [command]/usr/bin/git config --local --name-only --get-regexp core\.sshCommand
2026-08-22T15:14:55.8790172Z [command]/usr/bin/git submodule foreach --recursive sh -c "git config --local --name-only --get-regexp 'core\.sshCommand' && git config --local --unset-all 'core.sshCommand' || :"
2026-08-22T15:14:55.8792101Z [command]/usr/bin/git config --local --name-only --get-regexp http\.https\:\/\/github\.com\/\.extraheader
2026-08-22T15:14:55.8792668Z http.https://github.com/.extraheader
2026-08-22T15:14:55.8793474Z [command]/usr/bin/git config --local --unset-all http.https://github.com/.extraheader
2026-08-22T15:14:55.8795632Z [command]/usr/bin/git submodule foreach --recursive sh -c "git config --local --name-only --get-regexp 'http\.https\:\/\/github\.com\/\.extraheader' && git config --local --unset-all 'http.https://github.com/.extraheader' || :"
2026-08-22T15:14:55.8798358Z [command]/usr/bin/git config --local --name-only --get-regexp ^includeIf\.gitdir:
2026-08-22T15:14:55.8800386Z [command]/usr/bin/git submodule foreach --recursive git config --local --show-origin --name-only --get-regexp remote.origin.url
2026-08-22T15:14:55.8885596Z Cleaning up orphan processes
2026-08-22T15:14:55.9192376Z Terminate orphan process: pid (2245) (timeout)
2026-08-22T15:14:55.9215315Z Terminate orphan process: pid (2246) (python)
2026-08-22T15:14:55.9364546Z ##[warning]Node.js 20 is deprecated. The following actions target Node.js 20 but are being forced to run on Node.js 24: actions/checkout@v4, actions/setup-python@v5. For more information see: https://github.blog/changelog/2025-09-19-deprecation-of-node-20-on-github-actions-runners/
